2025-11-18T09:44:43.642+05:30  WARN 13608 --- [HikariPool-9:housekeeper] com.zaxxer.hikari.pool.HikariPool        : HikariPool-9 - Thread starvation or clock leap detected (housekeeper delta=11h34m20s852ms336µs).
2025-11-18T10:09:43.755+05:30  INFO 13608 --- [RMI TCP Connection(197)-127.0.0.1] inMXBeanRegistrar$SpringApplicationAdmin : Application shutdown requested.
2025-11-18T10:09:43.756+05:30  INFO 13608 --- [RMI TCP Connection(197)-127.0.0.1] o.s.b.w.e.tomcat.GracefulShutdown        : Commencing graceful shutdown. Waiting for active requests to complete
2025-11-18T10:09:43.763+05:30  INFO 13608 --- [tomcat-shutdown] o.s.b.w.e.tomcat.GracefulShutdown        : Graceful shutdown complete
2025-11-18T10:09:43.766+05:30  INFO 13608 --- [RMI TCP Connection(197)-127.0.0.1] j.LocalContainerEntityManagerFactoryBean : Closing JPA EntityManagerFactory for persistence unit 'default'
2025-11-18T10:09:43.767+05:30  INFO 13608 --- [RMI TCP Connection(197)-127.0.0.1] com.zaxxer.hikari.HikariDataSource       : HikariPool-9 - Shutdown initiated...
2025-11-18T10:09:43.769+05:30  INFO 13608 --- [RMI TCP Connection(197)-127.0.0.1] com.zaxxer.hikari.HikariDataSource       : HikariPool-9 - Shutdown completed.
2025-11-18T10:11:17.827+05:30  INFO 25108 --- [restartedMain] c.e.d.AgaramProjectBackendApplication    : Starting AgaramProjectBackendApplication using Java 21.0.8 with PID 25108 (C:\Users\athira\Documents\workspace-spring-tools-for-eclipse-4.32.0.RELEASE\agaram-project-backend\target\classes started by athira in C:\Users\athira\Documents\workspace-spring-tools-for-eclipse-4.32.0.RELEASE\agaram-project-backend)
2025-11-18T10:11:17.830+05:30 DEBUG 25108 --- [restartedMain] c.e.d.AgaramProjectBackendApplication    : Running with Spring Boot v3.5.7, Spring v6.2.12
2025-11-18T10:11:17.831+05:30  INFO 25108 --- [restartedMain] c.e.d.AgaramProjectBackendApplication    : No active profile set, falling back to 1 default profile: "default"
2025-11-18T10:11:17.896+05:30  INFO 25108 --- [restartedMain] .e.DevToolsPropertyDefaultsPostProcessor : Devtools property defaults active! Set 'spring.devtools.add-properties' to 'false' to disable
2025-11-18T10:11:17.897+05:30  INFO 25108 --- [restartedMain] .e.DevToolsPropertyDefaultsPostProcessor : For additional web related logging consider setting the 'logging.level.web' property to 'DEBUG'
2025-11-18T10:11:18.999+05:30  INFO 25108 --- [restartedMain] .s.d.r.c.RepositoryConfigurationDelegate : Bootstrapping Spring Data JPA repositories in DEFAULT mode.
2025-11-18T10:11:19.039+05:30  INFO 25108 --- [restartedMain] .s.d.r.c.RepositoryConfigurationDelegate : Finished Spring Data repository scanning in 25 ms. Found 0 JPA repository interfaces.
2025-11-18T10:11:19.766+05:30  INFO 25108 --- [restartedMain] o.s.b.w.embedded.tomcat.TomcatWebServer  : Tomcat initialized with port 8098 (http)
2025-11-18T10:11:19.793+05:30  INFO 25108 --- [restartedMain] o.apache.catalina.core.StandardService   : Starting service [Tomcat]
2025-11-18T10:11:19.793+05:30  INFO 25108 --- [restartedMain] o.apache.catalina.core.StandardEngine    : Starting Servlet engine: [Apache Tomcat/10.1.48]
2025-11-18T10:11:19.864+05:30  INFO 25108 --- [restartedMain] o.a.c.c.C.[Tomcat].[localhost].[/]       : Initializing Spring embedded WebApplicationContext
2025-11-18T10:11:19.864+05:30  INFO 25108 --- [restartedMain] w.s.c.ServletWebServerApplicationContext : Root WebApplicationContext: initialization completed in 1966 ms
2025-11-18T10:11:20.163+05:30  INFO 25108 --- [restartedMain] com.zaxxer.hikari.HikariDataSource       : HikariPool-1 - Starting...
2025-11-18T10:11:20.683+05:30  INFO 25108 --- [restartedMain] com.zaxxer.hikari.pool.HikariPool        : HikariPool-1 - Added connection ConnectionID:1 ClientConnectionId: 4404c570-d92a-4977-b0d3-d8ba3f095f87
2025-11-18T10:11:20.687+05:30  INFO 25108 --- [restartedMain] com.zaxxer.hikari.HikariDataSource       : HikariPool-1 - Start completed.
2025-11-18T10:11:20.759+05:30  INFO 25108 --- [restartedMain] o.hibernate.jpa.internal.util.LogHelper  : HHH000204: Processing PersistenceUnitInfo [name: default]
2025-11-18T10:11:20.872+05:30  INFO 25108 --- [restartedMain] org.hibernate.Version                    : HHH000412: Hibernate ORM core version 6.6.33.Final
2025-11-18T10:11:20.929+05:30  INFO 25108 --- [restartedMain] o.h.c.internal.RegionFactoryInitiator    : HHH000026: Second-level cache disabled
2025-11-18T10:11:21.363+05:30  INFO 25108 --- [restartedMain] o.s.o.j.p.SpringPersistenceUnitInfo      : No LoadTimeWeaver setup: ignoring JPA class transformer
2025-11-18T10:11:21.522+05:30  INFO 25108 --- [restartedMain] org.hibernate.orm.connections.pooling    : HHH10001005: Database info:
	Database JDBC URL [Connecting through datasource 'HikariDataSource (HikariPool-1)']
	Database driver: undefined/unknown
	Database version: 16.0
	Autocommit mode: undefined/unknown
	Isolation level: undefined/unknown
	Minimum pool size: undefined/unknown
	Maximum pool size: undefined/unknown
2025-11-18T10:11:21.960+05:30  INFO 25108 --- [restartedMain] o.h.e.t.j.p.i.JtaPlatformInitiator       : HHH000489: No JTA platform available (set 'hibernate.transaction.jta.platform' to enable JTA platform integration)
2025-11-18T10:11:21.969+05:30  INFO 25108 --- [restartedMain] j.LocalContainerEntityManagerFactoryBean : Initialized JPA EntityManagerFactory for persistence unit 'default'
2025-11-18T10:11:22.169+05:30  WARN 25108 --- [restartedMain] JpaBaseConfiguration$JpaWebConfiguration : spring.jpa.open-in-view is enabled by default. Therefore, database queries may be performed during view rendering. Explicitly configure spring.jpa.open-in-view to disable this warning
2025-11-18T10:11:22.656+05:30  INFO 25108 --- [restartedMain] o.s.b.d.a.OptionalLiveReloadServer       : LiveReload server is running on port 35729
2025-11-18T10:11:22.711+05:30  INFO 25108 --- [restartedMain] o.s.b.w.embedded.tomcat.TomcatWebServer  : Tomcat started on port 8098 (http) with context path '/'
2025-11-18T10:11:22.729+05:30  INFO 25108 --- [restartedMain] c.e.d.AgaramProjectBackendApplication    : Started AgaramProjectBackendApplication in 5.516 seconds (process running for 6.954)
2025-11-18T10:17:38.728+05:30  INFO 25108 --- [File Watcher] rtingClassPathChangeChangedEventListener : Restarting due to 14 class path changes (0 additions, 14 deletions, 0 modifications)
2025-11-18T10:17:38.734+05:30  INFO 25108 --- [Thread-5] o.s.b.w.e.tomcat.GracefulShutdown        : Commencing graceful shutdown. Waiting for active requests to complete
2025-11-18T10:17:38.740+05:30  INFO 25108 --- [tomcat-shutdown] o.s.b.w.e.tomcat.GracefulShutdown        : Graceful shutdown complete
2025-11-18T10:17:38.746+05:30  INFO 25108 --- [Thread-5] j.LocalContainerEntityManagerFactoryBean : Closing JPA EntityManagerFactory for persistence unit 'default'
2025-11-18T10:17:38.750+05:30  INFO 25108 --- [Thread-5] com.zaxxer.hikari.HikariDataSource       : HikariPool-1 - Shutdown initiated...
2025-11-18T10:17:38.753+05:30  INFO 25108 --- [Thread-5] com.zaxxer.hikari.HikariDataSource       : HikariPool-1 - Shutdown completed.
2025-11-18T10:18:12.618+05:30  INFO 25108 --- [restartedMain] c.e.d.AgaramProjectBackendApplication    : Starting AgaramProjectBackendApplication using Java 21.0.8 with PID 25108 (C:\Users\athira\Documents\workspace-spring-tools-for-eclipse-4.32.0.RELEASE\agaram-project-backend\target\classes started by athira in C:\Users\athira\Documents\workspace-spring-tools-for-eclipse-4.32.0.RELEASE\agaram-project-backend)
2025-11-18T10:18:12.619+05:30 DEBUG 25108 --- [restartedMain] c.e.d.AgaramProjectBackendApplication    : Running with Spring Boot v3.5.7, Spring v6.2.12
2025-11-18T10:18:12.619+05:30  INFO 25108 --- [restartedMain] c.e.d.AgaramProjectBackendApplication    : No active profile set, falling back to 1 default profile: "default"
2025-11-18T10:18:13.201+05:30  INFO 25108 --- [restartedMain] .s.d.r.c.RepositoryConfigurationDelegate : Bootstrapping Spring Data JPA repositories in DEFAULT mode.
2025-11-18T10:18:13.234+05:30  INFO 25108 --- [restartedMain] .s.d.r.c.RepositoryConfigurationDelegate : Finished Spring Data repository scanning in 28 ms. Found 0 JPA repository interfaces.
2025-11-18T10:18:13.999+05:30  INFO 25108 --- [restartedMain] o.s.b.w.embedded.tomcat.TomcatWebServer  : Tomcat initialized with port 8098 (http)
2025-11-18T10:18:14.003+05:30  INFO 25108 --- [restartedMain] o.apache.catalina.core.StandardService   : Starting service [Tomcat]
2025-11-18T10:18:14.003+05:30  INFO 25108 --- [restartedMain] o.apache.catalina.core.StandardEngine    : Starting Servlet engine: [Apache Tomcat/10.1.48]
2025-11-18T10:18:14.125+05:30  INFO 25108 --- [restartedMain] o.a.c.c.C.[Tomcat-1].[localhost].[/]     : Initializing Spring embedded WebApplicationContext
2025-11-18T10:18:14.125+05:30  INFO 25108 --- [restartedMain] w.s.c.ServletWebServerApplicationContext : Root WebApplicationContext: initialization completed in 1501 ms
2025-11-18T10:18:14.275+05:30  INFO 25108 --- [restartedMain] com.zaxxer.hikari.HikariDataSource       : HikariPool-2 - Starting...
2025-11-18T10:18:15.097+05:30  INFO 25108 --- [restartedMain] com.zaxxer.hikari.pool.HikariPool        : HikariPool-2 - Added connection ConnectionID:11 ClientConnectionId: de7e2f1d-b71c-4360-9ecc-6dce19bc3b77
2025-11-18T10:18:15.097+05:30  INFO 25108 --- [restartedMain] com.zaxxer.hikari.HikariDataSource       : HikariPool-2 - Start completed.
2025-11-18T10:18:15.099+05:30  INFO 25108 --- [restartedMain] o.hibernate.jpa.internal.util.LogHelper  : HHH000204: Processing PersistenceUnitInfo [name: default]
2025-11-18T10:18:15.105+05:30  INFO 25108 --- [restartedMain] o.h.c.internal.RegionFactoryInitiator    : HHH000026: Second-level cache disabled
2025-11-18T10:18:15.125+05:30  INFO 25108 --- [restartedMain] o.s.o.j.p.SpringPersistenceUnitInfo      : No LoadTimeWeaver setup: ignoring JPA class transformer
2025-11-18T10:18:15.331+05:30  INFO 25108 --- [restartedMain] org.hibernate.orm.connections.pooling    : HHH10001005: Database info:
	Database JDBC URL [Connecting through datasource 'HikariDataSource (HikariPool-2)']
	Database driver: undefined/unknown
	Database version: 16.0
	Autocommit mode: undefined/unknown
	Isolation level: undefined/unknown
	Minimum pool size: undefined/unknown
	Maximum pool size: undefined/unknown
2025-11-18T10:18:15.365+05:30  INFO 25108 --- [restartedMain] o.h.e.t.j.p.i.JtaPlatformInitiator       : HHH000489: No JTA platform available (set 'hibernate.transaction.jta.platform' to enable JTA platform integration)
2025-11-18T10:18:15.365+05:30  INFO 25108 --- [restartedMain] j.LocalContainerEntityManagerFactoryBean : Initialized JPA EntityManagerFactory for persistence unit 'default'
2025-11-18T10:18:15.469+05:30  WARN 25108 --- [restartedMain] JpaBaseConfiguration$JpaWebConfiguration : spring.jpa.open-in-view is enabled by default. Therefore, database queries may be performed during view rendering. Explicitly configure spring.jpa.open-in-view to disable this warning
2025-11-18T10:18:15.754+05:30  INFO 25108 --- [restartedMain] o.s.b.d.a.OptionalLiveReloadServer       : LiveReload server is running on port 35729
2025-11-18T10:18:15.782+05:30  INFO 25108 --- [restartedMain] o.s.b.w.embedded.tomcat.TomcatWebServer  : Tomcat started on port 8098 (http) with context path '/'
2025-11-18T10:18:15.793+05:30  INFO 25108 --- [restartedMain] c.e.d.AgaramProjectBackendApplication    : Started AgaramProjectBackendApplication in 3.307 seconds (process running for 420.017)
2025-11-18T10:18:15.797+05:30  INFO 25108 --- [restartedMain] .ConditionEvaluationDeltaLoggingListener : Condition evaluation unchanged
2025-11-18T10:18:15.997+05:30  INFO 6580 --- [restartedMain] c.e.d.AgaramProjectBackendApplication    : Starting AgaramProjectBackendApplication using Java 21.0.8 with PID 6580 (C:\Users\athira\Documents\workspace-spring-tools-for-eclipse-4.32.0.RELEASE\agaram-project-backend\target\classes started by athira in C:\Users\athira\Documents\workspace-spring-tools-for-eclipse-4.32.0.RELEASE\agaram-project-backend)
2025-11-18T10:18:16.001+05:30 DEBUG 6580 --- [restartedMain] c.e.d.AgaramProjectBackendApplication    : Running with Spring Boot v3.5.7, Spring v6.2.12
2025-11-18T10:18:16.002+05:30  INFO 6580 --- [restartedMain] c.e.d.AgaramProjectBackendApplication    : No active profile set, falling back to 1 default profile: "default"
2025-11-18T10:18:16.162+05:30  INFO 6580 --- [restartedMain] .e.DevToolsPropertyDefaultsPostProcessor : Devtools property defaults active! Set 'spring.devtools.add-properties' to 'false' to disable
2025-11-18T10:18:16.162+05:30  INFO 6580 --- [restartedMain] .e.DevToolsPropertyDefaultsPostProcessor : For additional web related logging consider setting the 'logging.level.web' property to 'DEBUG'
2025-11-18T10:18:17.169+05:30  INFO 6580 --- [restartedMain] .s.d.r.c.RepositoryConfigurationDelegate : Bootstrapping Spring Data JPA repositories in DEFAULT mode.
2025-11-18T10:18:17.202+05:30  INFO 6580 --- [restartedMain] .s.d.r.c.RepositoryConfigurationDelegate : Finished Spring Data repository scanning in 20 ms. Found 0 JPA repository interfaces.
2025-11-18T10:18:17.855+05:30  INFO 6580 --- [restartedMain] o.s.b.w.embedded.tomcat.TomcatWebServer  : Tomcat initialized with port 8098 (http)
2025-11-18T10:18:17.874+05:30  INFO 6580 --- [restartedMain] o.apache.catalina.core.StandardService   : Starting service [Tomcat]
2025-11-18T10:18:17.875+05:30  INFO 6580 --- [restartedMain] o.apache.catalina.core.StandardEngine    : Starting Servlet engine: [Apache Tomcat/10.1.48]
2025-11-18T10:18:17.933+05:30  INFO 6580 --- [restartedMain] o.a.c.c.C.[Tomcat].[localhost].[/]       : Initializing Spring embedded WebApplicationContext
2025-11-18T10:18:17.933+05:30  INFO 6580 --- [restartedMain] w.s.c.ServletWebServerApplicationContext : Root WebApplicationContext: initialization completed in 1770 ms
2025-11-18T10:18:18.137+05:30  INFO 6580 --- [restartedMain] com.zaxxer.hikari.HikariDataSource       : HikariPool-1 - Starting...
2025-11-18T10:18:18.585+05:30  INFO 6580 --- [restartedMain] com.zaxxer.hikari.pool.HikariPool        : HikariPool-1 - Added connection ConnectionID:1 ClientConnectionId: 75144bf9-cb7b-4153-a17a-e8679d10b9c2
2025-11-18T10:18:18.589+05:30  INFO 6580 --- [restartedMain] com.zaxxer.hikari.HikariDataSource       : HikariPool-1 - Start completed.
2025-11-18T10:18:18.651+05:30  INFO 6580 --- [restartedMain] o.hibernate.jpa.internal.util.LogHelper  : HHH000204: Processing PersistenceUnitInfo [name: default]
2025-11-18T10:18:18.744+05:30  INFO 6580 --- [restartedMain] org.hibernate.Version                    : HHH000412: Hibernate ORM core version 6.6.33.Final
2025-11-18T10:18:18.795+05:30  INFO 6580 --- [restartedMain] o.h.c.internal.RegionFactoryInitiator    : HHH000026: Second-level cache disabled
2025-11-18T10:18:19.214+05:30  INFO 6580 --- [restartedMain] o.s.o.j.p.SpringPersistenceUnitInfo      : No LoadTimeWeaver setup: ignoring JPA class transformer
2025-11-18T10:18:19.323+05:30  INFO 6580 --- [restartedMain] org.hibernate.orm.connections.pooling    : HHH10001005: Database info:
	Database JDBC URL [Connecting through datasource 'HikariDataSource (HikariPool-1)']
	Database driver: undefined/unknown
	Database version: 16.0
	Autocommit mode: undefined/unknown
	Isolation level: undefined/unknown
	Minimum pool size: undefined/unknown
	Maximum pool size: undefined/unknown
2025-11-18T10:18:19.742+05:30  INFO 6580 --- [restartedMain] o.h.e.t.j.p.i.JtaPlatformInitiator       : HHH000489: No JTA platform available (set 'hibernate.transaction.jta.platform' to enable JTA platform integration)
2025-11-18T10:18:19.750+05:30  INFO 6580 --- [restartedMain] j.LocalContainerEntityManagerFactoryBean : Initialized JPA EntityManagerFactory for persistence unit 'default'
2025-11-18T10:18:19.949+05:30  WARN 6580 --- [restartedMain] JpaBaseConfiguration$JpaWebConfiguration : spring.jpa.open-in-view is enabled by default. Therefore, database queries may be performed during view rendering. Explicitly configure spring.jpa.open-in-view to disable this warning
2025-11-18T10:18:20.432+05:30  WARN 6580 --- [restartedMain] o.s.b.d.a.OptionalLiveReloadServer       : Unable to start LiveReload server
2025-11-18T10:18:20.468+05:30  WARN 6580 --- [restartedMain] ConfigServletWebServerApplicationContext : Exception encountered during context initialization - cancelling refresh attempt: org.springframework.context.ApplicationContextException: Failed to start bean 'webServerStartStop'
2025-11-18T10:18:20.472+05:30  INFO 6580 --- [restartedMain] j.LocalContainerEntityManagerFactoryBean : Closing JPA EntityManagerFactory for persistence unit 'default'
2025-11-18T10:18:20.476+05:30  INFO 6580 --- [restartedMain] com.zaxxer.hikari.HikariDataSource       : HikariPool-1 - Shutdown initiated...
2025-11-18T10:18:20.480+05:30  INFO 6580 --- [restartedMain] com.zaxxer.hikari.HikariDataSource       : HikariPool-1 - Shutdown completed.
2025-11-18T10:18:20.498+05:30  INFO 6580 --- [restartedMain] .s.b.a.l.ConditionEvaluationReportLogger : 

Error starting ApplicationContext. To display the condition evaluation report re-run your application with 'debug' enabled.
2025-11-18T10:18:20.528+05:30 ERROR 6580 --- [restartedMain] o.s.b.d.LoggingFailureAnalysisReporter   : 

***************************
APPLICATION FAILED TO START
***************************

Description:

Web server failed to start. Port 8098 was already in use.

Action:

Identify and stop the process that's listening on port 8098 or configure this application to listen on another port.

2025-11-18T10:20:29.513+05:30  INFO 4896 --- [restartedMain] c.e.d.AgaramProjectBackendApplication    : Starting AgaramProjectBackendApplication using Java 21.0.8 with PID 4896 (C:\Users\athira\Documents\workspace-spring-tools-for-eclipse-4.32.0.RELEASE\agaram-project-backend\target\classes started by athira in C:\Users\athira\Documents\workspace-spring-tools-for-eclipse-4.32.0.RELEASE\agaram-project-backend)
2025-11-18T10:20:29.516+05:30 DEBUG 4896 --- [restartedMain] c.e.d.AgaramProjectBackendApplication    : Running with Spring Boot v3.5.7, Spring v6.2.12
2025-11-18T10:20:29.521+05:30  INFO 4896 --- [restartedMain] c.e.d.AgaramProjectBackendApplication    : No active profile set, falling back to 1 default profile: "default"
2025-11-18T10:20:29.587+05:30  INFO 4896 --- [restartedMain] .e.DevToolsPropertyDefaultsPostProcessor : Devtools property defaults active! Set 'spring.devtools.add-properties' to 'false' to disable
2025-11-18T10:20:29.588+05:30  INFO 4896 --- [restartedMain] .e.DevToolsPropertyDefaultsPostProcessor : For additional web related logging consider setting the 'logging.level.web' property to 'DEBUG'
2025-11-18T10:20:30.572+05:30  INFO 4896 --- [restartedMain] .s.d.r.c.RepositoryConfigurationDelegate : Bootstrapping Spring Data JPA repositories in DEFAULT mode.
2025-11-18T10:20:30.616+05:30  INFO 4896 --- [restartedMain] .s.d.r.c.RepositoryConfigurationDelegate : Finished Spring Data repository scanning in 28 ms. Found 0 JPA repository interfaces.
2025-11-18T10:20:31.409+05:30  INFO 4896 --- [restartedMain] o.s.b.w.embedded.tomcat.TomcatWebServer  : Tomcat initialized with port 8098 (http)
2025-11-18T10:20:31.434+05:30  INFO 4896 --- [restartedMain] o.apache.catalina.core.StandardService   : Starting service [Tomcat]
2025-11-18T10:20:31.435+05:30  INFO 4896 --- [restartedMain] o.apache.catalina.core.StandardEngine    : Starting Servlet engine: [Apache Tomcat/10.1.48]
2025-11-18T10:20:31.507+05:30  INFO 4896 --- [restartedMain] o.a.c.c.C.[Tomcat].[localhost].[/]       : Initializing Spring embedded WebApplicationContext
2025-11-18T10:20:31.507+05:30  INFO 4896 --- [restartedMain] w.s.c.ServletWebServerApplicationContext : Root WebApplicationContext: initialization completed in 1918 ms
2025-11-18T10:20:31.718+05:30  INFO 4896 --- [restartedMain] com.zaxxer.hikari.HikariDataSource       : HikariPool-1 - Starting...
2025-11-18T10:20:32.214+05:30  INFO 4896 --- [restartedMain] com.zaxxer.hikari.pool.HikariPool        : HikariPool-1 - Added connection ConnectionID:1 ClientConnectionId: db4dfc81-866a-4057-b0ae-4db229b94ce1
2025-11-18T10:20:32.217+05:30  INFO 4896 --- [restartedMain] com.zaxxer.hikari.HikariDataSource       : HikariPool-1 - Start completed.
2025-11-18T10:20:32.277+05:30  INFO 4896 --- [restartedMain] o.hibernate.jpa.internal.util.LogHelper  : HHH000204: Processing PersistenceUnitInfo [name: default]
2025-11-18T10:20:32.353+05:30  INFO 4896 --- [restartedMain] org.hibernate.Version                    : HHH000412: Hibernate ORM core version 6.6.33.Final
2025-11-18T10:20:32.404+05:30  INFO 4896 --- [restartedMain] o.h.c.internal.RegionFactoryInitiator    : HHH000026: Second-level cache disabled
2025-11-18T10:20:32.790+05:30  INFO 4896 --- [restartedMain] o.s.o.j.p.SpringPersistenceUnitInfo      : No LoadTimeWeaver setup: ignoring JPA class transformer
2025-11-18T10:20:32.944+05:30  INFO 4896 --- [restartedMain] org.hibernate.orm.connections.pooling    : HHH10001005: Database info:
	Database JDBC URL [Connecting through datasource 'HikariDataSource (HikariPool-1)']
	Database driver: undefined/unknown
	Database version: 16.0
	Autocommit mode: undefined/unknown
	Isolation level: undefined/unknown
	Minimum pool size: undefined/unknown
	Maximum pool size: undefined/unknown
2025-11-18T10:20:33.381+05:30  INFO 4896 --- [restartedMain] o.h.e.t.j.p.i.JtaPlatformInitiator       : HHH000489: No JTA platform available (set 'hibernate.transaction.jta.platform' to enable JTA platform integration)
2025-11-18T10:20:33.388+05:30  INFO 4896 --- [restartedMain] j.LocalContainerEntityManagerFactoryBean : Initialized JPA EntityManagerFactory for persistence unit 'default'
2025-11-18T10:20:33.586+05:30  WARN 4896 --- [restartedMain] JpaBaseConfiguration$JpaWebConfiguration : spring.jpa.open-in-view is enabled by default. Therefore, database queries may be performed during view rendering. Explicitly configure spring.jpa.open-in-view to disable this warning
2025-11-18T10:20:34.082+05:30  INFO 4896 --- [restartedMain] o.s.b.d.a.OptionalLiveReloadServer       : LiveReload server is running on port 35729
2025-11-18T10:20:34.138+05:30  INFO 4896 --- [restartedMain] o.s.b.w.embedded.tomcat.TomcatWebServer  : Tomcat started on port 8098 (http) with context path '/'
2025-11-18T10:20:34.151+05:30  INFO 4896 --- [restartedMain] c.e.d.AgaramProjectBackendApplication    : Started AgaramProjectBackendApplication in 5.242 seconds (process running for 6.269)
2025-11-18T10:23:42.702+05:30  INFO 4896 --- [RMI TCP Connection(5)-127.0.0.1] inMXBeanRegistrar$SpringApplicationAdmin : Application shutdown requested.
2025-11-18T10:23:42.706+05:30  INFO 4896 --- [RMI TCP Connection(5)-127.0.0.1] o.s.b.w.e.tomcat.GracefulShutdown        : Commencing graceful shutdown. Waiting for active requests to complete
2025-11-18T10:23:42.718+05:30  INFO 4896 --- [tomcat-shutdown] o.s.b.w.e.tomcat.GracefulShutdown        : Graceful shutdown complete
2025-11-18T10:23:42.726+05:30  INFO 4896 --- [RMI TCP Connection(5)-127.0.0.1] j.LocalContainerEntityManagerFactoryBean : Closing JPA EntityManagerFactory for persistence unit 'default'
2025-11-18T10:23:42.733+05:30  INFO 4896 --- [RMI TCP Connection(5)-127.0.0.1] com.zaxxer.hikari.HikariDataSource       : HikariPool-1 - Shutdown initiated...
2025-11-18T10:23:42.739+05:30  INFO 4896 --- [RMI TCP Connection(5)-127.0.0.1] com.zaxxer.hikari.HikariDataSource       : HikariPool-1 - Shutdown completed.
2025-11-18T10:25:13.220+05:30  INFO 11492 --- [main] e.d.AgaramProjectBackendApplicationTests : Starting AgaramProjectBackendApplicationTests using Java 21.0.8 with PID 11492 (started by athira in C:\Users\athira\Documents\workspace-spring-tools-for-eclipse-4.32.0.RELEASE\agaram-project-backend)
2025-11-18T10:25:13.222+05:30 DEBUG 11492 --- [main] e.d.AgaramProjectBackendApplicationTests : Running with Spring Boot v3.5.7, Spring v6.2.12
2025-11-18T10:25:13.223+05:30  INFO 11492 --- [main] e.d.AgaramProjectBackendApplicationTests : No active profile set, falling back to 1 default profile: "default"
2025-11-18T10:25:15.459+05:30  INFO 11492 --- [main] .s.d.r.c.RepositoryConfigurationDelegate : Bootstrapping Spring Data JPA repositories in DEFAULT mode.
2025-11-18T10:25:15.506+05:30  INFO 11492 --- [main] .s.d.r.c.RepositoryConfigurationDelegate : Finished Spring Data repository scanning in 30 ms. Found 0 JPA repository interfaces.
2025-11-18T10:25:16.341+05:30  INFO 11492 --- [main] com.zaxxer.hikari.HikariDataSource       : HikariPool-1 - Starting...
2025-11-18T10:25:17.268+05:30  INFO 11492 --- [main] com.zaxxer.hikari.pool.HikariPool        : HikariPool-1 - Added connection ConnectionID:1 ClientConnectionId: 7dbcee63-0a50-4b48-b78d-00be6d8f4e2e
2025-11-18T10:25:17.272+05:30  INFO 11492 --- [main] com.zaxxer.hikari.HikariDataSource       : HikariPool-1 - Start completed.
2025-11-18T10:25:17.372+05:30  INFO 11492 --- [main] o.hibernate.jpa.internal.util.LogHelper  : HHH000204: Processing PersistenceUnitInfo [name: default]
2025-11-18T10:25:17.514+05:30  INFO 11492 --- [main] org.hibernate.Version                    : HHH000412: Hibernate ORM core version 6.6.33.Final
2025-11-18T10:25:17.612+05:30  INFO 11492 --- [main] o.h.c.internal.RegionFactoryInitiator    : HHH000026: Second-level cache disabled
2025-11-18T10:25:18.367+05:30  INFO 11492 --- [main] o.s.o.j.p.SpringPersistenceUnitInfo      : No LoadTimeWeaver setup: ignoring JPA class transformer
2025-11-18T10:25:18.584+05:30  INFO 11492 --- [main] org.hibernate.orm.connections.pooling    : HHH10001005: Database info:
	Database JDBC URL [Connecting through datasource 'HikariDataSource (HikariPool-1)']
	Database driver: undefined/unknown
	Database version: 16.0
	Autocommit mode: undefined/unknown
	Isolation level: undefined/unknown
	Minimum pool size: undefined/unknown
	Maximum pool size: undefined/unknown
2025-11-18T10:25:19.061+05:30  INFO 11492 --- [main] o.h.e.t.j.p.i.JtaPlatformInitiator       : HHH000489: No JTA platform available (set 'hibernate.transaction.jta.platform' to enable JTA platform integration)
2025-11-18T10:25:19.070+05:30  INFO 11492 --- [main] j.LocalContainerEntityManagerFactoryBean : Initialized JPA EntityManagerFactory for persistence unit 'default'
2025-11-18T10:25:19.515+05:30  WARN 11492 --- [main] JpaBaseConfiguration$JpaWebConfiguration : spring.jpa.open-in-view is enabled by default. Therefore, database queries may be performed during view rendering. Explicitly configure spring.jpa.open-in-view to disable this warning
2025-11-18T10:25:20.334+05:30  INFO 11492 --- [main] e.d.AgaramProjectBackendApplicationTests : Started AgaramProjectBackendApplicationTests in 7.749 seconds (process running for 10.125)
2025-11-18T10:25:21.851+05:30  INFO 11492 --- [SpringApplicationShutdownHook] j.LocalContainerEntityManagerFactoryBean : Closing JPA EntityManagerFactory for persistence unit 'default'
2025-11-18T10:25:21.855+05:30  INFO 11492 --- [SpringApplicationShutdownHook] com.zaxxer.hikari.HikariDataSource       : HikariPool-1 - Shutdown initiated...
2025-11-18T10:25:21.865+05:30  INFO 11492 --- [SpringApplicationShutdownHook] com.zaxxer.hikari.HikariDataSource       : HikariPool-1 - Shutdown completed.
2025-11-18T10:41:34.106+05:30  INFO 25040 --- [restartedMain] c.e.d.AgaramProjectBackendApplication    : Starting AgaramProjectBackendApplication using Java 21.0.8 with PID 25040 (C:\Users\athira\Documents\workspace-spring-tools-for-eclipse-4.32.0.RELEASE\agaram-project-backend\target\classes started by athira in C:\Users\athira\Documents\workspace-spring-tools-for-eclipse-4.32.0.RELEASE\agaram-project-backend)
2025-11-18T10:41:34.109+05:30 DEBUG 25040 --- [restartedMain] c.e.d.AgaramProjectBackendApplication    : Running with Spring Boot v3.5.7, Spring v6.2.12
2025-11-18T10:41:34.111+05:30  INFO 25040 --- [restartedMain] c.e.d.AgaramProjectBackendApplication    : No active profile set, falling back to 1 default profile: "default"
2025-11-18T10:41:34.177+05:30  INFO 25040 --- [restartedMain] .e.DevToolsPropertyDefaultsPostProcessor : Devtools property defaults active! Set 'spring.devtools.add-properties' to 'false' to disable
2025-11-18T10:41:34.177+05:30  INFO 25040 --- [restartedMain] .e.DevToolsPropertyDefaultsPostProcessor : For additional web related logging consider setting the 'logging.level.web' property to 'DEBUG'
2025-11-18T10:41:35.175+05:30  INFO 25040 --- [restartedMain] .s.d.r.c.RepositoryConfigurationDelegate : Bootstrapping Spring Data JPA repositories in DEFAULT mode.
2025-11-18T10:41:35.216+05:30  INFO 25040 --- [restartedMain] .s.d.r.c.RepositoryConfigurationDelegate : Finished Spring Data repository scanning in 26 ms. Found 0 JPA repository interfaces.
2025-11-18T10:41:35.879+05:30  INFO 25040 --- [restartedMain] o.s.b.w.embedded.tomcat.TomcatWebServer  : Tomcat initialized with port 8098 (http)
2025-11-18T10:41:35.897+05:30  INFO 25040 --- [restartedMain] o.apache.catalina.core.StandardService   : Starting service [Tomcat]
2025-11-18T10:41:35.898+05:30  INFO 25040 --- [restartedMain] o.apache.catalina.core.StandardEngine    : Starting Servlet engine: [Apache Tomcat/10.1.48]
2025-11-18T10:41:35.956+05:30  INFO 25040 --- [restartedMain] o.a.c.c.C.[Tomcat].[localhost].[/]       : Initializing Spring embedded WebApplicationContext
2025-11-18T10:41:35.957+05:30  INFO 25040 --- [restartedMain] w.s.c.ServletWebServerApplicationContext : Root WebApplicationContext: initialization completed in 1779 ms
2025-11-18T10:41:36.175+05:30  INFO 25040 --- [restartedMain] com.zaxxer.hikari.HikariDataSource       : HikariPool-1 - Starting...
2025-11-18T10:41:36.687+05:30  INFO 25040 --- [restartedMain] com.zaxxer.hikari.pool.HikariPool        : HikariPool-1 - Added connection ConnectionID:1 ClientConnectionId: 5b32d124-ccf8-4a4e-bf05-302bddc55445
2025-11-18T10:41:36.690+05:30  INFO 25040 --- [restartedMain] com.zaxxer.hikari.HikariDataSource       : HikariPool-1 - Start completed.
2025-11-18T10:41:36.750+05:30  INFO 25040 --- [restartedMain] o.hibernate.jpa.internal.util.LogHelper  : HHH000204: Processing PersistenceUnitInfo [name: default]
2025-11-18T10:41:36.822+05:30  INFO 25040 --- [restartedMain] org.hibernate.Version                    : HHH000412: Hibernate ORM core version 6.6.33.Final
2025-11-18T10:41:36.871+05:30  INFO 25040 --- [restartedMain] o.h.c.internal.RegionFactoryInitiator    : HHH000026: Second-level cache disabled
2025-11-18T10:41:37.258+05:30  INFO 25040 --- [restartedMain] o.s.o.j.p.SpringPersistenceUnitInfo      : No LoadTimeWeaver setup: ignoring JPA class transformer
2025-11-18T10:41:37.393+05:30  INFO 25040 --- [restartedMain] org.hibernate.orm.connections.pooling    : HHH10001005: Database info:
	Database JDBC URL [Connecting through datasource 'HikariDataSource (HikariPool-1)']
	Database driver: undefined/unknown
	Database version: 16.0
	Autocommit mode: undefined/unknown
	Isolation level: undefined/unknown
	Minimum pool size: undefined/unknown
	Maximum pool size: undefined/unknown
2025-11-18T10:41:37.810+05:30  INFO 25040 --- [restartedMain] o.h.e.t.j.p.i.JtaPlatformInitiator       : HHH000489: No JTA platform available (set 'hibernate.transaction.jta.platform' to enable JTA platform integration)
2025-11-18T10:41:37.817+05:30  INFO 25040 --- [restartedMain] j.LocalContainerEntityManagerFactoryBean : Initialized JPA EntityManagerFactory for persistence unit 'default'
2025-11-18T10:41:38.010+05:30  WARN 25040 --- [restartedMain] JpaBaseConfiguration$JpaWebConfiguration : spring.jpa.open-in-view is enabled by default. Therefore, database queries may be performed during view rendering. Explicitly configure spring.jpa.open-in-view to disable this warning
2025-11-18T10:41:38.597+05:30  INFO 25040 --- [restartedMain] o.s.b.d.a.OptionalLiveReloadServer       : LiveReload server is running on port 35729
2025-11-18T10:41:38.650+05:30  INFO 25040 --- [restartedMain] o.s.b.w.embedded.tomcat.TomcatWebServer  : Tomcat started on port 8098 (http) with context path '/'
2025-11-18T10:41:38.663+05:30  INFO 25040 --- [restartedMain] c.e.d.AgaramProjectBackendApplication    : Started AgaramProjectBackendApplication in 5.331 seconds (process running for 6.817)
2025-11-18T10:41:41.713+05:30  INFO 25040 --- [http-nio-8098-exec-1] o.apache.tomcat.util.http.parser.Cookie  : A cookie header was received [__session:0.8739688270122254:MultiLingual=en_US;] that contained an invalid cookie. That cookie will be ignored.
 Note: further occurrences of this error will be logged at DEBUG level.
2025-11-18T10:41:41.722+05:30  INFO 25040 --- [http-nio-8098-exec-1] o.a.c.c.C.[Tomcat].[localhost].[/]       : Initializing Spring DispatcherServlet 'dispatcherServlet'
2025-11-18T10:41:41.722+05:30  INFO 25040 --- [http-nio-8098-exec-1] o.s.web.servlet.DispatcherServlet        : Initializing Servlet 'dispatcherServlet'
2025-11-18T10:41:41.723+05:30  INFO 25040 --- [http-nio-8098-exec-1] o.s.web.servlet.DispatcherServlet        : Completed initialization in 1 ms
2025-11-18T10:46:58.248+05:30 DEBUG 25040 --- [http-nio-8098-exec-4] o.s.jdbc.core.JdbcTemplate               : Executing SQL query [SELECT u.id, u.username, u.password, u.role, u.team_id, u.authorized, COALESCE(t.team_name,'') AS team_name FROM users u LEFT JOIN teams t ON u.team_id = t.id WHERE u.username = 'admin']
2025-11-18T10:46:58.290+05:30 ERROR 25040 --- [http-nio-8098-exec-4] o.a.c.c.C.[.[.[/].[dispatcherServlet]    : Servlet.service() for servlet [dispatcherServlet] in context with path [] threw exception [Request processing failed: java.lang.RuntimeException: User not found] with root cause

java.lang.RuntimeException: User not found
	at com.example.demo.controller.UserController.login(UserController.java:24) ~[classes/:na]
	at java.base/jdk.internal.reflect.DirectMethodHandleAccessor.invoke(DirectMethodHandleAccessor.java:103) ~[na:na]
	at java.base/java.lang.reflect.Method.invoke(Method.java:580) ~[na:na]
	at org.springframework.web.method.support.InvocableHandlerMethod.doInvoke(InvocableHandlerMethod.java:258) ~[spring-web-6.2.12.jar:6.2.12]
	at org.springframework.web.method.support.InvocableHandlerMethod.invokeForRequest(InvocableHandlerMethod.java:191) ~[spring-web-6.2.12.jar:6.2.12]
	at org.springframework.web.servlet.mvc.method.annotation.ServletInvocableHandlerMethod.invokeAndHandle(ServletInvocableHandlerMethod.java:118) ~[spring-webmvc-6.2.12.jar:6.2.12]
	at org.springframework.web.servlet.mvc.method.annotation.RequestMappingHandlerAdapter.invokeHandlerMethod(RequestMappingHandlerAdapter.java:991) ~[spring-webmvc-6.2.12.jar:6.2.12]
	at org.springframework.web.servlet.mvc.method.annotation.RequestMappingHandlerAdapter.handleInternal(RequestMappingHandlerAdapter.java:896) ~[spring-webmvc-6.2.12.jar:6.2.12]
	at org.springframework.web.servlet.mvc.method.AbstractHandlerMethodAdapter.handle(AbstractHandlerMethodAdapter.java:87) ~[spring-webmvc-6.2.12.jar:6.2.12]
	at org.springframework.web.servlet.DispatcherServlet.doDispatch(DispatcherServlet.java:1089) ~[spring-webmvc-6.2.12.jar:6.2.12]
	at org.springframework.web.servlet.DispatcherServlet.doService(DispatcherServlet.java:979) ~[spring-webmvc-6.2.12.jar:6.2.12]
	at org.springframework.web.servlet.FrameworkServlet.processRequest(FrameworkServlet.java:1014) ~[spring-webmvc-6.2.12.jar:6.2.12]
	at org.springframework.web.servlet.FrameworkServlet.doPost(FrameworkServlet.java:914) ~[spring-webmvc-6.2.12.jar:6.2.12]
	at jakarta.servlet.http.HttpServlet.service(HttpServlet.java:590) ~[tomcat-embed-core-10.1.48.jar:6.0]
	at org.springframework.web.servlet.FrameworkServlet.service(FrameworkServlet.java:885) ~[spring-webmvc-6.2.12.jar:6.2.12]
	at jakarta.servlet.http.HttpServlet.service(HttpServlet.java:658) ~[tomcat-embed-core-10.1.48.jar:6.0]
	at org.apache.catalina.core.ApplicationFilterChain.internalDoFilter(ApplicationFilterChain.java:193) ~[tomcat-embed-core-10.1.48.jar:10.1.48]
	at org.apache.catalina.core.ApplicationFilterChain.doFilter(ApplicationFilterChain.java:138) ~[tomcat-embed-core-10.1.48.jar:10.1.48]
	at org.apache.tomcat.websocket.server.WsFilter.doFilter(WsFilter.java:51) ~[tomcat-embed-websocket-10.1.48.jar:10.1.48]
	at org.apache.catalina.core.ApplicationFilterChain.internalDoFilter(ApplicationFilterChain.java:162) ~[tomcat-embed-core-10.1.48.jar:10.1.48]
	at org.apache.catalina.core.ApplicationFilterChain.doFilter(ApplicationFilterChain.java:138) ~[tomcat-embed-core-10.1.48.jar:10.1.48]
	at org.springframework.web.filter.RequestContextFilter.doFilterInternal(RequestContextFilter.java:100) ~[spring-web-6.2.12.jar:6.2.12]
	at org.springframework.web.filter.OncePerRequestFilter.doFilter(OncePerRequestFilter.java:116) ~[spring-web-6.2.12.jar:6.2.12]
	at org.apache.catalina.core.ApplicationFilterChain.internalDoFilter(ApplicationFilterChain.java:162) ~[tomcat-embed-core-10.1.48.jar:10.1.48]
	at org.apache.catalina.core.ApplicationFilterChain.doFilter(ApplicationFilterChain.java:138) ~[tomcat-embed-core-10.1.48.jar:10.1.48]
	at org.springframework.web.filter.FormContentFilter.doFilterInternal(FormContentFilter.java:93) ~[spring-web-6.2.12.jar:6.2.12]
	at org.springframework.web.filter.OncePerRequestFilter.doFilter(OncePerRequestFilter.java:116) ~[spring-web-6.2.12.jar:6.2.12]
	at org.apache.catalina.core.ApplicationFilterChain.internalDoFilter(ApplicationFilterChain.java:162) ~[tomcat-embed-core-10.1.48.jar:10.1.48]
	at org.apache.catalina.core.ApplicationFilterChain.doFilter(ApplicationFilterChain.java:138) ~[tomcat-embed-core-10.1.48.jar:10.1.48]
	at org.springframework.web.filter.CharacterEncodingFilter.doFilterInternal(CharacterEncodingFilter.java:201) ~[spring-web-6.2.12.jar:6.2.12]
	at org.springframework.web.filter.OncePerRequestFilter.doFilter(OncePerRequestFilter.java:116) ~[spring-web-6.2.12.jar:6.2.12]
	at org.apache.catalina.core.ApplicationFilterChain.internalDoFilter(ApplicationFilterChain.java:162) ~[tomcat-embed-core-10.1.48.jar:10.1.48]
	at org.apache.catalina.core.ApplicationFilterChain.doFilter(ApplicationFilterChain.java:138) ~[tomcat-embed-core-10.1.48.jar:10.1.48]
	at org.apache.catalina.core.StandardWrapperValve.invoke(StandardWrapperValve.java:165) ~[tomcat-embed-core-10.1.48.jar:10.1.48]
	at org.apache.catalina.core.StandardContextValve.invoke(StandardContextValve.java:88) ~[tomcat-embed-core-10.1.48.jar:10.1.48]
	at org.apache.catalina.authenticator.AuthenticatorBase.invoke(AuthenticatorBase.java:482) ~[tomcat-embed-core-10.1.48.jar:10.1.48]
	at org.apache.catalina.core.StandardHostValve.invoke(StandardHostValve.java:113) ~[tomcat-embed-core-10.1.48.jar:10.1.48]
	at org.apache.catalina.valves.ErrorReportValve.invoke(ErrorReportValve.java:83) ~[tomcat-embed-core-10.1.48.jar:10.1.48]
	at org.apache.catalina.core.StandardEngineValve.invoke(StandardEngineValve.java:72) ~[tomcat-embed-core-10.1.48.jar:10.1.48]
	at org.apache.catalina.connector.CoyoteAdapter.service(CoyoteAdapter.java:342) ~[tomcat-embed-core-10.1.48.jar:10.1.48]
	at org.apache.coyote.http11.Http11Processor.service(Http11Processor.java:399) ~[tomcat-embed-core-10.1.48.jar:10.1.48]
	at org.apache.coyote.AbstractProcessorLight.process(AbstractProcessorLight.java:63) ~[tomcat-embed-core-10.1.48.jar:10.1.48]
	at org.apache.coyote.AbstractProtocol$ConnectionHandler.process(AbstractProtocol.java:903) ~[tomcat-embed-core-10.1.48.jar:10.1.48]
	at org.apache.tomcat.util.net.NioEndpoint$SocketProcessor.doRun(NioEndpoint.java:1774) ~[tomcat-embed-core-10.1.48.jar:10.1.48]
	at org.apache.tomcat.util.net.SocketProcessorBase.run(SocketProcessorBase.java:52) ~[tomcat-embed-core-10.1.48.jar:10.1.48]
	at org.apache.tomcat.util.threads.ThreadPoolExecutor.runWorker(ThreadPoolExecutor.java:973) ~[tomcat-embed-core-10.1.48.jar:10.1.48]
	at org.apache.tomcat.util.threads.ThreadPoolExecutor$Worker.run(ThreadPoolExecutor.java:491) ~[tomcat-embed-core-10.1.48.jar:10.1.48]
	at org.apache.tomcat.util.threads.TaskThread$WrappingRunnable.run(TaskThread.java:63) ~[tomcat-embed-core-10.1.48.jar:10.1.48]
	at java.base/java.lang.Thread.run(Thread.java:1583) ~[na:na]

2025-11-18T10:47:29.823+05:30 DEBUG 25040 --- [http-nio-8098-exec-6] o.s.jdbc.core.JdbcTemplate               : Executing SQL query [SELECT u.id, u.username, u.password, u.role, u.team_id, u.authorized, COALESCE(t.team_name,'') AS team_name FROM users u LEFT JOIN teams t ON u.team_id = t.id WHERE u.username = 'administrator']
2025-11-18T10:59:02.872+05:30  INFO 25040 --- [RMI TCP Connection(23)-127.0.0.1] inMXBeanRegistrar$SpringApplicationAdmin : Application shutdown requested.
2025-11-18T10:59:02.876+05:30  INFO 25040 --- [RMI TCP Connection(23)-127.0.0.1] o.s.b.w.e.tomcat.GracefulShutdown        : Commencing graceful shutdown. Waiting for active requests to complete
2025-11-18T10:59:02.885+05:30  INFO 25040 --- [tomcat-shutdown] o.s.b.w.e.tomcat.GracefulShutdown        : Graceful shutdown complete
2025-11-18T10:59:02.892+05:30  INFO 25040 --- [RMI TCP Connection(23)-127.0.0.1] j.LocalContainerEntityManagerFactoryBean : Closing JPA EntityManagerFactory for persistence unit 'default'
2025-11-18T10:59:02.899+05:30  INFO 25040 --- [RMI TCP Connection(23)-127.0.0.1] com.zaxxer.hikari.HikariDataSource       : HikariPool-1 - Shutdown initiated...
2025-11-18T10:59:02.904+05:30  INFO 25040 --- [RMI TCP Connection(23)-127.0.0.1] com.zaxxer.hikari.HikariDataSource       : HikariPool-1 - Shutdown completed.
2025-11-18T10:59:10.475+05:30  INFO 11332 --- [restartedMain] c.e.d.AgaramProjectBackendApplication    : Starting AgaramProjectBackendApplication using Java 21.0.8 with PID 11332 (C:\Users\athira\Documents\workspace-spring-tools-for-eclipse-4.32.0.RELEASE\agaram-project-backend\target\classes started by athira in C:\Users\athira\Documents\workspace-spring-tools-for-eclipse-4.32.0.RELEASE\agaram-project-backend)
2025-11-18T10:59:10.478+05:30 DEBUG 11332 --- [restartedMain] c.e.d.AgaramProjectBackendApplication    : Running with Spring Boot v3.5.7, Spring v6.2.12
2025-11-18T10:59:10.479+05:30  INFO 11332 --- [restartedMain] c.e.d.AgaramProjectBackendApplication    : No active profile set, falling back to 1 default profile: "default"
2025-11-18T10:59:10.608+05:30  INFO 11332 --- [restartedMain] .e.DevToolsPropertyDefaultsPostProcessor : Devtools property defaults active! Set 'spring.devtools.add-properties' to 'false' to disable
2025-11-18T10:59:10.610+05:30  INFO 11332 --- [restartedMain] .e.DevToolsPropertyDefaultsPostProcessor : For additional web related logging consider setting the 'logging.level.web' property to 'DEBUG'
2025-11-18T10:59:11.682+05:30  INFO 11332 --- [restartedMain] .s.d.r.c.RepositoryConfigurationDelegate : Bootstrapping Spring Data JPA repositories in DEFAULT mode.
2025-11-18T10:59:11.717+05:30  INFO 11332 --- [restartedMain] .s.d.r.c.RepositoryConfigurationDelegate : Finished Spring Data repository scanning in 21 ms. Found 0 JPA repository interfaces.
2025-11-18T10:59:12.422+05:30  INFO 11332 --- [restartedMain] o.s.b.w.embedded.tomcat.TomcatWebServer  : Tomcat initialized with port 8098 (http)
2025-11-18T10:59:12.450+05:30  INFO 11332 --- [restartedMain] o.apache.catalina.core.StandardService   : Starting service [Tomcat]
2025-11-18T10:59:12.451+05:30  INFO 11332 --- [restartedMain] o.apache.catalina.core.StandardEngine    : Starting Servlet engine: [Apache Tomcat/10.1.48]
2025-11-18T10:59:12.518+05:30  INFO 11332 --- [restartedMain] o.a.c.c.C.[Tomcat].[localhost].[/]       : Initializing Spring embedded WebApplicationContext
2025-11-18T10:59:12.519+05:30  INFO 11332 --- [restartedMain] w.s.c.ServletWebServerApplicationContext : Root WebApplicationContext: initialization completed in 1907 ms
2025-11-18T10:59:12.735+05:30  INFO 11332 --- [restartedMain] com.zaxxer.hikari.HikariDataSource       : HikariPool-1 - Starting...
2025-11-18T10:59:13.258+05:30  INFO 11332 --- [restartedMain] com.zaxxer.hikari.pool.HikariPool        : HikariPool-1 - Added connection ConnectionID:1 ClientConnectionId: 4c2a2439-3e41-4a15-97fa-521b17ef67a0
2025-11-18T10:59:13.262+05:30  INFO 11332 --- [restartedMain] com.zaxxer.hikari.HikariDataSource       : HikariPool-1 - Start completed.
2025-11-18T10:59:13.347+05:30  INFO 11332 --- [restartedMain] o.hibernate.jpa.internal.util.LogHelper  : HHH000204: Processing PersistenceUnitInfo [name: default]
2025-11-18T10:59:13.467+05:30  INFO 11332 --- [restartedMain] org.hibernate.Version                    : HHH000412: Hibernate ORM core version 6.6.33.Final
2025-11-18T10:59:13.534+05:30  INFO 11332 --- [restartedMain] o.h.c.internal.RegionFactoryInitiator    : HHH000026: Second-level cache disabled
2025-11-18T10:59:14.015+05:30  INFO 11332 --- [restartedMain] o.s.o.j.p.SpringPersistenceUnitInfo      : No LoadTimeWeaver setup: ignoring JPA class transformer
2025-11-18T10:59:14.144+05:30  INFO 11332 --- [restartedMain] org.hibernate.orm.connections.pooling    : HHH10001005: Database info:
	Database JDBC URL [Connecting through datasource 'HikariDataSource (HikariPool-1)']
	Database driver: undefined/unknown
	Database version: 16.0
	Autocommit mode: undefined/unknown
	Isolation level: undefined/unknown
	Minimum pool size: undefined/unknown
	Maximum pool size: undefined/unknown
2025-11-18T10:59:14.585+05:30  INFO 11332 --- [restartedMain] o.h.e.t.j.p.i.JtaPlatformInitiator       : HHH000489: No JTA platform available (set 'hibernate.transaction.jta.platform' to enable JTA platform integration)
2025-11-18T10:59:14.593+05:30  INFO 11332 --- [restartedMain] j.LocalContainerEntityManagerFactoryBean : Initialized JPA EntityManagerFactory for persistence unit 'default'
2025-11-18T10:59:14.796+05:30  WARN 11332 --- [restartedMain] JpaBaseConfiguration$JpaWebConfiguration : spring.jpa.open-in-view is enabled by default. Therefore, database queries may be performed during view rendering. Explicitly configure spring.jpa.open-in-view to disable this warning
2025-11-18T10:59:15.352+05:30  INFO 11332 --- [restartedMain] o.s.b.d.a.OptionalLiveReloadServer       : LiveReload server is running on port 35729
2025-11-18T10:59:15.428+05:30  INFO 11332 --- [restartedMain] o.s.b.w.embedded.tomcat.TomcatWebServer  : Tomcat started on port 8098 (http) with context path '/'
2025-11-18T10:59:15.447+05:30  INFO 11332 --- [restartedMain] c.e.d.AgaramProjectBackendApplication    : Started AgaramProjectBackendApplication in 5.684 seconds (process running for 6.707)
2025-11-18T11:01:11.800+05:30  INFO 11332 --- [http-nio-8098-exec-1] o.a.c.c.C.[Tomcat].[localhost].[/]       : Initializing Spring DispatcherServlet 'dispatcherServlet'
2025-11-18T11:01:11.800+05:30  INFO 11332 --- [http-nio-8098-exec-1] o.s.web.servlet.DispatcherServlet        : Initializing Servlet 'dispatcherServlet'
2025-11-18T11:01:11.803+05:30  INFO 11332 --- [http-nio-8098-exec-1] o.s.web.servlet.DispatcherServlet        : Completed initialization in 2 ms
2025-11-18T11:01:12.047+05:30 DEBUG 11332 --- [http-nio-8098-exec-2] o.s.jdbc.core.JdbcTemplate               : Executing SQL query [SELECT u.id, u.username, u.password, u.role, u.team_id, u.authorized, COALESCE(t.team_name,'') AS team_name FROM users u LEFT JOIN teams t ON u.team_id = t.id WHERE u.username = 'ad']
2025-11-18T11:01:12.050+05:30 DEBUG 11332 --- [http-nio-8098-exec-1] o.s.jdbc.core.JdbcTemplate               : Executing SQL query [SELECT u.id, u.username, u.password, u.role, u.team_id, u.authorized, COALESCE(t.team_name,'') AS team_name FROM users u LEFT JOIN teams t ON u.team_id = t.id WHERE u.username = 'a']
2025-11-18T11:01:12.879+05:30 DEBUG 11332 --- [http-nio-8098-exec-3] o.s.jdbc.core.JdbcTemplate               : Executing SQL query [SELECT u.id, u.username, u.password, u.role, u.team_id, u.authorized, COALESCE(t.team_name,'') AS team_name FROM users u LEFT JOIN teams t ON u.team_id = t.id WHERE u.username = 'adm']
2025-11-18T11:01:13.042+05:30 DEBUG 11332 --- [http-nio-8098-exec-4] o.s.jdbc.core.JdbcTemplate               : Executing SQL query [SELECT u.id, u.username, u.password, u.role, u.team_id, u.authorized, COALESCE(t.team_name,'') AS team_name FROM users u LEFT JOIN teams t ON u.team_id = t.id WHERE u.username = 'admi']
2025-11-18T11:01:13.176+05:30 DEBUG 11332 --- [http-nio-8098-exec-5] o.s.jdbc.core.JdbcTemplate               : Executing SQL query [SELECT u.id, u.username, u.password, u.role, u.team_id, u.authorized, COALESCE(t.team_name,'') AS team_name FROM users u LEFT JOIN teams t ON u.team_id = t.id WHERE u.username = 'admin']
2025-11-18T11:01:13.344+05:30 DEBUG 11332 --- [http-nio-8098-exec-6] o.s.jdbc.core.JdbcTemplate               : Executing SQL query [SELECT u.id, u.username, u.password, u.role, u.team_id, u.authorized, COALESCE(t.team_name,'') AS team_name FROM users u LEFT JOIN teams t ON u.team_id = t.id WHERE u.username = 'admini']
2025-11-18T11:01:14.224+05:30 DEBUG 11332 --- [http-nio-8098-exec-7] o.s.jdbc.core.JdbcTemplate               : Executing SQL query [SELECT u.id, u.username, u.password, u.role, u.team_id, u.authorized, COALESCE(t.team_name,'') AS team_name FROM users u LEFT JOIN teams t ON u.team_id = t.id WHERE u.username = 'adminis']
2025-11-18T11:01:15.047+05:30 DEBUG 11332 --- [http-nio-8098-exec-8] o.s.jdbc.core.JdbcTemplate               : Executing SQL query [SELECT u.id, u.username, u.password, u.role, u.team_id, u.authorized, COALESCE(t.team_name,'') AS team_name FROM users u LEFT JOIN teams t ON u.team_id = t.id WHERE u.username = 'administ']
2025-11-18T11:01:15.231+05:30 DEBUG 11332 --- [http-nio-8098-exec-9] o.s.jdbc.core.JdbcTemplate               : Executing SQL query [SELECT u.id, u.username, u.password, u.role, u.team_id, u.authorized, COALESCE(t.team_name,'') AS team_name FROM users u LEFT JOIN teams t ON u.team_id = t.id WHERE u.username = 'administr']
2025-11-18T11:01:15.332+05:30 DEBUG 11332 --- [http-nio-8098-exec-10] o.s.jdbc.core.JdbcTemplate               : Executing SQL query [SELECT u.id, u.username, u.password, u.role, u.team_id, u.authorized, COALESCE(t.team_name,'') AS team_name FROM users u LEFT JOIN teams t ON u.team_id = t.id WHERE u.username = 'administra']
2025-11-18T11:01:15.444+05:30 DEBUG 11332 --- [http-nio-8098-exec-2] o.s.jdbc.core.JdbcTemplate               : Executing SQL query [SELECT u.id, u.username, u.password, u.role, u.team_id, u.authorized, COALESCE(t.team_name,'') AS team_name FROM users u LEFT JOIN teams t ON u.team_id = t.id WHERE u.username = 'administrat']
2025-11-18T11:01:15.905+05:30 DEBUG 11332 --- [http-nio-8098-exec-1] o.s.jdbc.core.JdbcTemplate               : Executing SQL query [SELECT u.id, u.username, u.password, u.role, u.team_id, u.authorized, COALESCE(t.team_name,'') AS team_name FROM users u LEFT JOIN teams t ON u.team_id = t.id WHERE u.username = 'administrato']
2025-11-18T11:01:16.020+05:30 DEBUG 11332 --- [http-nio-8098-exec-3] o.s.jdbc.core.JdbcTemplate               : Executing SQL query [SELECT u.id, u.username, u.password, u.role, u.team_id, u.authorized, COALESCE(t.team_name,'') AS team_name FROM users u LEFT JOIN teams t ON u.team_id = t.id WHERE u.username = 'administrator']
2025-11-18T11:01:18.380+05:30 DEBUG 11332 --- [http-nio-8098-exec-4] o.s.jdbc.core.JdbcTemplate               : Executing SQL query [SELECT u.id, u.username, u.password, u.role, u.team_id, u.authorized, COALESCE(t.team_name,'') AS team_name FROM users u LEFT JOIN teams t ON u.team_id = t.id WHERE u.username = 'administrator']
2025-11-18T11:01:18.503+05:30 DEBUG 11332 --- [http-nio-8098-exec-7] o.s.jdbc.core.JdbcTemplate               : Executing SQL query [SELECT u.id, u.username, u.role, u.team_id, u.authorized, COALESCE(t.team_name,'') AS team_name FROM users u LEFT JOIN teams t ON u.team_id = t.id]
2025-11-18T11:01:18.505+05:30 DEBUG 11332 --- [http-nio-8098-exec-6] o.s.jdbc.core.JdbcTemplate               : Executing SQL query [SELECT p.id AS id, p.name AS name, p.quantity AS quantity, p.price AS price, p.progress AS progress, t.team_name AS team_name, p.employee_id AS employee_id, p.sale_month AS sale_month, p.customer AS customer FROM products p LEFT JOIN teams t ON p.team_id = t.id]
2025-11-18T11:01:18.539+05:30 DEBUG 11332 --- [http-nio-8098-exec-8] o.s.jdbc.core.JdbcTemplate               : Executing SQL query [SELECT u.id, u.username, u.role, u.team_id, u.authorized, COALESCE(t.team_name,'') AS team_name FROM users u LEFT JOIN teams t ON u.team_id = t.id]
2025-11-18T11:01:18.542+05:30 DEBUG 11332 --- [http-nio-8098-exec-9] o.s.jdbc.core.JdbcTemplate               : Executing SQL query [SELECT p.id AS id, p.name AS name, p.quantity AS quantity, p.price AS price, p.progress AS progress, t.team_name AS team_name, p.employee_id AS employee_id, p.sale_month AS sale_month, p.customer AS customer FROM products p LEFT JOIN teams t ON p.team_id = t.id]
2025-11-18T11:11:04.546+05:30  INFO 11332 --- [RMI TCP Connection(15)-127.0.0.1] inMXBeanRegistrar$SpringApplicationAdmin : Application shutdown requested.
2025-11-18T11:11:04.550+05:30  INFO 11332 --- [RMI TCP Connection(15)-127.0.0.1] o.s.b.w.e.tomcat.GracefulShutdown        : Commencing graceful shutdown. Waiting for active requests to complete
2025-11-18T11:11:04.556+05:30  INFO 11332 --- [tomcat-shutdown] o.s.b.w.e.tomcat.GracefulShutdown        : Graceful shutdown complete
2025-11-18T11:11:04.562+05:30  INFO 11332 --- [RMI TCP Connection(15)-127.0.0.1] j.LocalContainerEntityManagerFactoryBean : Closing JPA EntityManagerFactory for persistence unit 'default'
2025-11-18T11:11:04.567+05:30  INFO 11332 --- [RMI TCP Connection(15)-127.0.0.1] com.zaxxer.hikari.HikariDataSource       : HikariPool-1 - Shutdown initiated...
2025-11-18T11:11:04.572+05:30  INFO 11332 --- [RMI TCP Connection(15)-127.0.0.1] com.zaxxer.hikari.HikariDataSource       : HikariPool-1 - Shutdown completed.
2025-11-18T11:12:04.565+05:30  INFO 11016 --- [main] e.d.AgaramProjectBackendApplicationTests : Starting AgaramProjectBackendApplicationTests using Java 21.0.8 with PID 11016 (started by athira in C:\Users\athira\Documents\workspace-spring-tools-for-eclipse-4.32.0.RELEASE\agaram-project-backend)
2025-11-18T11:12:04.568+05:30 DEBUG 11016 --- [main] e.d.AgaramProjectBackendApplicationTests : Running with Spring Boot v3.5.7, Spring v6.2.12
2025-11-18T11:12:04.570+05:30  INFO 11016 --- [main] e.d.AgaramProjectBackendApplicationTests : No active profile set, falling back to 1 default profile: "default"
2025-11-18T11:12:06.686+05:30  INFO 11016 --- [main] .s.d.r.c.RepositoryConfigurationDelegate : Bootstrapping Spring Data JPA repositories in DEFAULT mode.
2025-11-18T11:12:06.757+05:30  INFO 11016 --- [main] .s.d.r.c.RepositoryConfigurationDelegate : Finished Spring Data repository scanning in 35 ms. Found 0 JPA repository interfaces.
2025-11-18T11:12:08.058+05:30  INFO 11016 --- [main] com.zaxxer.hikari.HikariDataSource       : HikariPool-1 - Starting...
2025-11-18T11:12:09.064+05:30  INFO 11016 --- [main] com.zaxxer.hikari.pool.HikariPool        : HikariPool-1 - Added connection ConnectionID:1 ClientConnectionId: c768233b-6ac5-44b1-9a4f-4b61162ec728
2025-11-18T11:12:09.068+05:30  INFO 11016 --- [main] com.zaxxer.hikari.HikariDataSource       : HikariPool-1 - Start completed.
2025-11-18T11:12:09.208+05:30  INFO 11016 --- [main] o.hibernate.jpa.internal.util.LogHelper  : HHH000204: Processing PersistenceUnitInfo [name: default]
2025-11-18T11:12:09.441+05:30  INFO 11016 --- [main] org.hibernate.Version                    : HHH000412: Hibernate ORM core version 6.6.33.Final
2025-11-18T11:12:09.573+05:30  INFO 11016 --- [main] o.h.c.internal.RegionFactoryInitiator    : HHH000026: Second-level cache disabled
2025-11-18T11:12:10.490+05:30  INFO 11016 --- [main] o.s.o.j.p.SpringPersistenceUnitInfo      : No LoadTimeWeaver setup: ignoring JPA class transformer
2025-11-18T11:12:10.826+05:30  INFO 11016 --- [main] org.hibernate.orm.connections.pooling    : HHH10001005: Database info:
	Database JDBC URL [Connecting through datasource 'HikariDataSource (HikariPool-1)']
	Database driver: undefined/unknown
	Database version: 16.0
	Autocommit mode: undefined/unknown
	Isolation level: undefined/unknown
	Minimum pool size: undefined/unknown
	Maximum pool size: undefined/unknown
2025-11-18T11:12:11.815+05:30  INFO 11016 --- [main] o.h.e.t.j.p.i.JtaPlatformInitiator       : HHH000489: No JTA platform available (set 'hibernate.transaction.jta.platform' to enable JTA platform integration)
2025-11-18T11:12:11.828+05:30  INFO 11016 --- [main] j.LocalContainerEntityManagerFactoryBean : Initialized JPA EntityManagerFactory for persistence unit 'default'
2025-11-18T11:12:12.633+05:30  WARN 11016 --- [main] JpaBaseConfiguration$JpaWebConfiguration : spring.jpa.open-in-view is enabled by default. Therefore, database queries may be performed during view rendering. Explicitly configure spring.jpa.open-in-view to disable this warning
2025-11-18T11:12:13.777+05:30  INFO 11016 --- [main] e.d.AgaramProjectBackendApplicationTests : Started AgaramProjectBackendApplicationTests in 10.223 seconds (process running for 12.842)
2025-11-18T11:12:15.851+05:30  INFO 11016 --- [SpringApplicationShutdownHook] j.LocalContainerEntityManagerFactoryBean : Closing JPA EntityManagerFactory for persistence unit 'default'
2025-11-18T11:12:15.855+05:30  INFO 11016 --- [SpringApplicationShutdownHook] com.zaxxer.hikari.HikariDataSource       : HikariPool-1 - Shutdown initiated...
2025-11-18T11:12:15.868+05:30  INFO 11016 --- [SpringApplicationShutdownHook] com.zaxxer.hikari.HikariDataSource       : HikariPool-1 - Shutdown completed.
2025-11-18T11:16:52.143+05:30  INFO 23332 --- [main] e.d.AgaramProjectBackendApplicationTests : Starting AgaramProjectBackendApplicationTests using Java 21.0.8 with PID 23332 (started by athira in C:\Users\athira\Documents\workspace-spring-tools-for-eclipse-4.32.0.RELEASE\agaram-project-backend)
2025-11-18T11:16:52.147+05:30 DEBUG 23332 --- [main] e.d.AgaramProjectBackendApplicationTests : Running with Spring Boot v3.5.7, Spring v6.2.12
2025-11-18T11:16:52.149+05:30  INFO 23332 --- [main] e.d.AgaramProjectBackendApplicationTests : No active profile set, falling back to 1 default profile: "default"
2025-11-18T11:16:54.067+05:30  INFO 23332 --- [main] .s.d.r.c.RepositoryConfigurationDelegate : Bootstrapping Spring Data JPA repositories in DEFAULT mode.
2025-11-18T11:16:54.129+05:30  INFO 23332 --- [main] .s.d.r.c.RepositoryConfigurationDelegate : Finished Spring Data repository scanning in 39 ms. Found 0 JPA repository interfaces.
2025-11-18T11:16:55.088+05:30  INFO 23332 --- [main] com.zaxxer.hikari.HikariDataSource       : HikariPool-1 - Starting...
2025-11-18T11:16:56.080+05:30  INFO 23332 --- [main] com.zaxxer.hikari.pool.HikariPool        : HikariPool-1 - Added connection ConnectionID:1 ClientConnectionId: 4f641b2e-5d65-4a7f-b50d-d90c049f5d30
2025-11-18T11:16:56.085+05:30  INFO 23332 --- [main] com.zaxxer.hikari.HikariDataSource       : HikariPool-1 - Start completed.
2025-11-18T11:16:56.190+05:30  INFO 23332 --- [main] o.hibernate.jpa.internal.util.LogHelper  : HHH000204: Processing PersistenceUnitInfo [name: default]
2025-11-18T11:16:56.445+05:30  INFO 23332 --- [main] org.hibernate.Version                    : HHH000412: Hibernate ORM core version 6.6.33.Final
2025-11-18T11:16:56.583+05:30  INFO 23332 --- [main] o.h.c.internal.RegionFactoryInitiator    : HHH000026: Second-level cache disabled
2025-11-18T11:16:57.431+05:30  INFO 23332 --- [main] o.s.o.j.p.SpringPersistenceUnitInfo      : No LoadTimeWeaver setup: ignoring JPA class transformer
2025-11-18T11:16:57.783+05:30  INFO 23332 --- [main] org.hibernate.orm.connections.pooling    : HHH10001005: Database info:
	Database JDBC URL [Connecting through datasource 'HikariDataSource (HikariPool-1)']
	Database driver: undefined/unknown
	Database version: 16.0
	Autocommit mode: undefined/unknown
	Isolation level: undefined/unknown
	Minimum pool size: undefined/unknown
	Maximum pool size: undefined/unknown
2025-11-18T11:16:58.385+05:30  INFO 23332 --- [main] o.h.e.t.j.p.i.JtaPlatformInitiator       : HHH000489: No JTA platform available (set 'hibernate.transaction.jta.platform' to enable JTA platform integration)
2025-11-18T11:16:58.394+05:30  INFO 23332 --- [main] j.LocalContainerEntityManagerFactoryBean : Initialized JPA EntityManagerFactory for persistence unit 'default'
2025-11-18T11:16:58.980+05:30  WARN 23332 --- [main] JpaBaseConfiguration$JpaWebConfiguration : spring.jpa.open-in-view is enabled by default. Therefore, database queries may be performed during view rendering. Explicitly configure spring.jpa.open-in-view to disable this warning
2025-11-18T11:16:59.850+05:30  INFO 23332 --- [main] e.d.AgaramProjectBackendApplicationTests : Started AgaramProjectBackendApplicationTests in 8.445 seconds (process running for 10.304)
2025-11-18T11:17:01.342+05:30  INFO 23332 --- [SpringApplicationShutdownHook] j.LocalContainerEntityManagerFactoryBean : Closing JPA EntityManagerFactory for persistence unit 'default'
2025-11-18T11:17:01.346+05:30  INFO 23332 --- [SpringApplicationShutdownHook] com.zaxxer.hikari.HikariDataSource       : HikariPool-1 - Shutdown initiated...
2025-11-18T11:17:01.357+05:30  INFO 23332 --- [SpringApplicationShutdownHook] com.zaxxer.hikari.HikariDataSource       : HikariPool-1 - Shutdown completed.
2025-11-18T11:48:17.697+05:30  INFO 560 --- [main] e.d.AgaramProjectBackendApplicationTests : Starting AgaramProjectBackendApplicationTests using Java 21.0.8 with PID 560 (started by athira in C:\Users\athira\Documents\workspace-spring-tools-for-eclipse-4.32.0.RELEASE\agaram-project-backend)
2025-11-18T11:48:17.699+05:30 DEBUG 560 --- [main] e.d.AgaramProjectBackendApplicationTests : Running with Spring Boot v3.5.7, Spring v6.2.12
2025-11-18T11:48:17.707+05:30  INFO 560 --- [main] e.d.AgaramProjectBackendApplicationTests : No active profile set, falling back to 1 default profile: "default"
2025-11-18T11:48:19.547+05:30  INFO 560 --- [main] .s.d.r.c.RepositoryConfigurationDelegate : Bootstrapping Spring Data JPA repositories in DEFAULT mode.
2025-11-18T11:48:19.618+05:30  INFO 560 --- [main] .s.d.r.c.RepositoryConfigurationDelegate : Finished Spring Data repository scanning in 42 ms. Found 0 JPA repository interfaces.
2025-11-18T11:48:20.557+05:30  INFO 560 --- [main] com.zaxxer.hikari.HikariDataSource       : HikariPool-1 - Starting...
2025-11-18T11:48:21.374+05:30  INFO 560 --- [main] com.zaxxer.hikari.pool.HikariPool        : HikariPool-1 - Added connection ConnectionID:1 ClientConnectionId: ade8a405-d6ca-40a2-9c1d-a406179c7df5
2025-11-18T11:48:21.377+05:30  INFO 560 --- [main] com.zaxxer.hikari.HikariDataSource       : HikariPool-1 - Start completed.
2025-11-18T11:48:21.509+05:30  INFO 560 --- [main] o.hibernate.jpa.internal.util.LogHelper  : HHH000204: Processing PersistenceUnitInfo [name: default]
2025-11-18T11:48:21.691+05:30  INFO 560 --- [main] org.hibernate.Version                    : HHH000412: Hibernate ORM core version 6.6.33.Final
2025-11-18T11:48:21.804+05:30  INFO 560 --- [main] o.h.c.internal.RegionFactoryInitiator    : HHH000026: Second-level cache disabled
2025-11-18T11:48:22.644+05:30  INFO 560 --- [main] o.s.o.j.p.SpringPersistenceUnitInfo      : No LoadTimeWeaver setup: ignoring JPA class transformer
2025-11-18T11:48:22.914+05:30  INFO 560 --- [main] org.hibernate.orm.connections.pooling    : HHH10001005: Database info:
	Database JDBC URL [Connecting through datasource 'HikariDataSource (HikariPool-1)']
	Database driver: undefined/unknown
	Database version: 16.0
	Autocommit mode: undefined/unknown
	Isolation level: undefined/unknown
	Minimum pool size: undefined/unknown
	Maximum pool size: undefined/unknown
2025-11-18T11:48:23.502+05:30  INFO 560 --- [main] o.h.e.t.j.p.i.JtaPlatformInitiator       : HHH000489: No JTA platform available (set 'hibernate.transaction.jta.platform' to enable JTA platform integration)
2025-11-18T11:48:23.515+05:30  INFO 560 --- [main] j.LocalContainerEntityManagerFactoryBean : Initialized JPA EntityManagerFactory for persistence unit 'default'
2025-11-18T11:48:24.038+05:30  WARN 560 --- [main] JpaBaseConfiguration$JpaWebConfiguration : spring.jpa.open-in-view is enabled by default. Therefore, database queries may be performed during view rendering. Explicitly configure spring.jpa.open-in-view to disable this warning
2025-11-18T11:48:25.039+05:30  INFO 560 --- [main] e.d.AgaramProjectBackendApplicationTests : Started AgaramProjectBackendApplicationTests in 8.004 seconds (process running for 10.248)
2025-11-18T11:48:26.346+05:30  INFO 560 --- [SpringApplicationShutdownHook] j.LocalContainerEntityManagerFactoryBean : Closing JPA EntityManagerFactory for persistence unit 'default'
2025-11-18T11:48:26.351+05:30  INFO 560 --- [SpringApplicationShutdownHook] com.zaxxer.hikari.HikariDataSource       : HikariPool-1 - Shutdown initiated...
2025-11-18T11:48:26.358+05:30  INFO 560 --- [SpringApplicationShutdownHook] com.zaxxer.hikari.HikariDataSource       : HikariPool-1 - Shutdown completed.
2025-11-18T12:06:34.441+05:30  INFO 2964 --- [main] e.d.AgaramProjectBackendApplicationTests : Starting AgaramProjectBackendApplicationTests using Java 21.0.8 with PID 2964 (started by athira in C:\Users\athira\Documents\workspace-spring-tools-for-eclipse-4.32.0.RELEASE\agaram-project-backend)
2025-11-18T12:06:34.443+05:30 DEBUG 2964 --- [main] e.d.AgaramProjectBackendApplicationTests : Running with Spring Boot v3.5.7, Spring v6.2.12
2025-11-18T12:06:34.444+05:30  INFO 2964 --- [main] e.d.AgaramProjectBackendApplicationTests : No active profile set, falling back to 1 default profile: "default"
2025-11-18T12:06:35.976+05:30  INFO 2964 --- [main] .s.d.r.c.RepositoryConfigurationDelegate : Bootstrapping Spring Data JPA repositories in DEFAULT mode.
2025-11-18T12:06:36.029+05:30  INFO 2964 --- [main] .s.d.r.c.RepositoryConfigurationDelegate : Finished Spring Data repository scanning in 33 ms. Found 0 JPA repository interfaces.
2025-11-18T12:06:36.816+05:30  INFO 2964 --- [main] com.zaxxer.hikari.HikariDataSource       : HikariPool-1 - Starting...
2025-11-18T12:06:37.650+05:30  INFO 2964 --- [main] com.zaxxer.hikari.pool.HikariPool        : HikariPool-1 - Added connection ConnectionID:1 ClientConnectionId: f2621451-bb36-4ab0-8c2e-471dc964137c
2025-11-18T12:06:37.656+05:30  INFO 2964 --- [main] com.zaxxer.hikari.HikariDataSource       : HikariPool-1 - Start completed.
2025-11-18T12:06:37.863+05:30  INFO 2964 --- [main] o.hibernate.jpa.internal.util.LogHelper  : HHH000204: Processing PersistenceUnitInfo [name: default]
2025-11-18T12:06:38.081+05:30  INFO 2964 --- [main] org.hibernate.Version                    : HHH000412: Hibernate ORM core version 6.6.33.Final
2025-11-18T12:06:38.192+05:30  INFO 2964 --- [main] o.h.c.internal.RegionFactoryInitiator    : HHH000026: Second-level cache disabled
2025-11-18T12:06:38.937+05:30  INFO 2964 --- [main] o.s.o.j.p.SpringPersistenceUnitInfo      : No LoadTimeWeaver setup: ignoring JPA class transformer
2025-11-18T12:06:39.135+05:30  INFO 2964 --- [main] org.hibernate.orm.connections.pooling    : HHH10001005: Database info:
	Database JDBC URL [Connecting through datasource 'HikariDataSource (HikariPool-1)']
	Database driver: undefined/unknown
	Database version: 16.0
	Autocommit mode: undefined/unknown
	Isolation level: undefined/unknown
	Minimum pool size: undefined/unknown
	Maximum pool size: undefined/unknown
2025-11-18T12:06:39.743+05:30  INFO 2964 --- [main] o.h.e.t.j.p.i.JtaPlatformInitiator       : HHH000489: No JTA platform available (set 'hibernate.transaction.jta.platform' to enable JTA platform integration)
2025-11-18T12:06:39.754+05:30  INFO 2964 --- [main] j.LocalContainerEntityManagerFactoryBean : Initialized JPA EntityManagerFactory for persistence unit 'default'
2025-11-18T12:06:40.260+05:30  WARN 2964 --- [main] JpaBaseConfiguration$JpaWebConfiguration : spring.jpa.open-in-view is enabled by default. Therefore, database queries may be performed during view rendering. Explicitly configure spring.jpa.open-in-view to disable this warning
2025-11-18T12:06:41.071+05:30  INFO 2964 --- [main] e.d.AgaramProjectBackendApplicationTests : Started AgaramProjectBackendApplicationTests in 7.321 seconds (process running for 9.378)
2025-11-18T12:06:42.599+05:30  INFO 2964 --- [SpringApplicationShutdownHook] j.LocalContainerEntityManagerFactoryBean : Closing JPA EntityManagerFactory for persistence unit 'default'
2025-11-18T12:06:42.603+05:30  INFO 2964 --- [SpringApplicationShutdownHook] com.zaxxer.hikari.HikariDataSource       : HikariPool-1 - Shutdown initiated...
2025-11-18T12:06:42.629+05:30  INFO 2964 --- [SpringApplicationShutdownHook] com.zaxxer.hikari.HikariDataSource       : HikariPool-1 - Shutdown completed.
2025-11-18T12:14:09.864+05:30  INFO 21088 --- [main] e.d.AgaramProjectBackendApplicationTests : Starting AgaramProjectBackendApplicationTests using Java 21.0.8 with PID 21088 (started by athira in C:\Users\athira\Documents\workspace-spring-tools-for-eclipse-4.32.0.RELEASE\agaram-project-backend)
2025-11-18T12:14:09.867+05:30 DEBUG 21088 --- [main] e.d.AgaramProjectBackendApplicationTests : Running with Spring Boot v3.5.7, Spring v6.2.12
2025-11-18T12:14:09.868+05:30  INFO 21088 --- [main] e.d.AgaramProjectBackendApplicationTests : No active profile set, falling back to 1 default profile: "default"
2025-11-18T12:14:11.709+05:30  INFO 21088 --- [main] .s.d.r.c.RepositoryConfigurationDelegate : Bootstrapping Spring Data JPA repositories in DEFAULT mode.
2025-11-18T12:14:11.865+05:30  INFO 21088 --- [main] .s.d.r.c.RepositoryConfigurationDelegate : Finished Spring Data repository scanning in 111 ms. Found 0 JPA repository interfaces.
2025-11-18T12:14:12.960+05:30  INFO 21088 --- [main] com.zaxxer.hikari.HikariDataSource       : HikariPool-1 - Starting...
2025-11-18T12:14:13.846+05:30  INFO 21088 --- [main] com.zaxxer.hikari.pool.HikariPool        : HikariPool-1 - Added connection ConnectionID:1 ClientConnectionId: 748314fa-85b6-4896-999e-d97ed38434c9
2025-11-18T12:14:13.849+05:30  INFO 21088 --- [main] com.zaxxer.hikari.HikariDataSource       : HikariPool-1 - Start completed.
2025-11-18T12:14:13.948+05:30  INFO 21088 --- [main] o.hibernate.jpa.internal.util.LogHelper  : HHH000204: Processing PersistenceUnitInfo [name: default]
2025-11-18T12:14:14.226+05:30  INFO 21088 --- [main] org.hibernate.Version                    : HHH000412: Hibernate ORM core version 6.6.33.Final
2025-11-18T12:14:14.394+05:30  INFO 21088 --- [main] o.h.c.internal.RegionFactoryInitiator    : HHH000026: Second-level cache disabled
2025-11-18T12:14:15.319+05:30  INFO 21088 --- [main] o.s.o.j.p.SpringPersistenceUnitInfo      : No LoadTimeWeaver setup: ignoring JPA class transformer
2025-11-18T12:14:15.548+05:30  INFO 21088 --- [main] org.hibernate.orm.connections.pooling    : HHH10001005: Database info:
	Database JDBC URL [Connecting through datasource 'HikariDataSource (HikariPool-1)']
	Database driver: undefined/unknown
	Database version: 16.0
	Autocommit mode: undefined/unknown
	Isolation level: undefined/unknown
	Minimum pool size: undefined/unknown
	Maximum pool size: undefined/unknown
2025-11-18T12:14:16.242+05:30  INFO 21088 --- [main] o.h.e.t.j.p.i.JtaPlatformInitiator       : HHH000489: No JTA platform available (set 'hibernate.transaction.jta.platform' to enable JTA platform integration)
2025-11-18T12:14:16.252+05:30  INFO 21088 --- [main] j.LocalContainerEntityManagerFactoryBean : Initialized JPA EntityManagerFactory for persistence unit 'default'
2025-11-18T12:14:16.736+05:30  WARN 21088 --- [main] JpaBaseConfiguration$JpaWebConfiguration : spring.jpa.open-in-view is enabled by default. Therefore, database queries may be performed during view rendering. Explicitly configure spring.jpa.open-in-view to disable this warning
2025-11-18T12:14:17.503+05:30  INFO 21088 --- [main] e.d.AgaramProjectBackendApplicationTests : Started AgaramProjectBackendApplicationTests in 8.971 seconds (process running for 10.961)
2025-11-18T12:14:19.027+05:30  INFO 21088 --- [SpringApplicationShutdownHook] j.LocalContainerEntityManagerFactoryBean : Closing JPA EntityManagerFactory for persistence unit 'default'
2025-11-18T12:14:19.033+05:30  INFO 21088 --- [SpringApplicationShutdownHook] com.zaxxer.hikari.HikariDataSource       : HikariPool-1 - Shutdown initiated...
2025-11-18T12:14:19.047+05:30  INFO 21088 --- [SpringApplicationShutdownHook] com.zaxxer.hikari.HikariDataSource       : HikariPool-1 - Shutdown completed.
2025-11-18T12:15:41.990+05:30  INFO 7196 --- [restartedMain] c.e.d.AgaramProjectBackendApplication    : Starting AgaramProjectBackendApplication using Java 21.0.8 with PID 7196 (C:\Users\athira\Documents\workspace-spring-tools-for-eclipse-4.32.0.RELEASE\agaram-project-backend\target\classes started by athira in C:\Users\athira\Documents\workspace-spring-tools-for-eclipse-4.32.0.RELEASE\agaram-project-backend)
2025-11-18T12:15:41.993+05:30 DEBUG 7196 --- [restartedMain] c.e.d.AgaramProjectBackendApplication    : Running with Spring Boot v3.5.7, Spring v6.2.12
2025-11-18T12:15:41.995+05:30  INFO 7196 --- [restartedMain] c.e.d.AgaramProjectBackendApplication    : No active profile set, falling back to 1 default profile: "default"
2025-11-18T12:15:42.139+05:30  INFO 7196 --- [restartedMain] .e.DevToolsPropertyDefaultsPostProcessor : Devtools property defaults active! Set 'spring.devtools.add-properties' to 'false' to disable
2025-11-18T12:15:42.140+05:30  INFO 7196 --- [restartedMain] .e.DevToolsPropertyDefaultsPostProcessor : For additional web related logging consider setting the 'logging.level.web' property to 'DEBUG'
2025-11-18T12:15:44.164+05:30  INFO 7196 --- [restartedMain] .s.d.r.c.RepositoryConfigurationDelegate : Bootstrapping Spring Data JPA repositories in DEFAULT mode.
2025-11-18T12:15:44.206+05:30  INFO 7196 --- [restartedMain] .s.d.r.c.RepositoryConfigurationDelegate : Finished Spring Data repository scanning in 26 ms. Found 0 JPA repository interfaces.
2025-11-18T12:15:45.557+05:30  INFO 7196 --- [restartedMain] o.s.b.w.embedded.tomcat.TomcatWebServer  : Tomcat initialized with port 8080 (http)
2025-11-18T12:15:45.590+05:30  INFO 7196 --- [restartedMain] o.apache.catalina.core.StandardService   : Starting service [Tomcat]
2025-11-18T12:15:45.590+05:30  INFO 7196 --- [restartedMain] o.apache.catalina.core.StandardEngine    : Starting Servlet engine: [Apache Tomcat/10.1.48]
2025-11-18T12:15:45.705+05:30  INFO 7196 --- [restartedMain] o.a.c.c.C.[.[.[/agaram-project-backend]  : Initializing Spring embedded WebApplicationContext
2025-11-18T12:15:45.710+05:30  INFO 7196 --- [restartedMain] w.s.c.ServletWebServerApplicationContext : Root WebApplicationContext: initialization completed in 3568 ms
2025-11-18T12:15:46.117+05:30  INFO 7196 --- [restartedMain] com.zaxxer.hikari.HikariDataSource       : HikariPool-1 - Starting...
2025-11-18T12:15:47.300+05:30  INFO 7196 --- [restartedMain] com.zaxxer.hikari.pool.HikariPool        : HikariPool-1 - Added connection ConnectionID:1 ClientConnectionId: 95203350-5c97-42a6-80d9-314aa3dadbdb
2025-11-18T12:15:47.310+05:30  INFO 7196 --- [restartedMain] com.zaxxer.hikari.HikariDataSource       : HikariPool-1 - Start completed.
2025-11-18T12:15:47.502+05:30  INFO 7196 --- [restartedMain] o.hibernate.jpa.internal.util.LogHelper  : HHH000204: Processing PersistenceUnitInfo [name: default]
2025-11-18T12:15:47.647+05:30  INFO 7196 --- [restartedMain] org.hibernate.Version                    : HHH000412: Hibernate ORM core version 6.6.33.Final
2025-11-18T12:15:47.755+05:30  INFO 7196 --- [restartedMain] o.h.c.internal.RegionFactoryInitiator    : HHH000026: Second-level cache disabled
2025-11-18T12:15:48.841+05:30  INFO 7196 --- [restartedMain] o.s.o.j.p.SpringPersistenceUnitInfo      : No LoadTimeWeaver setup: ignoring JPA class transformer
2025-11-18T12:15:49.089+05:30  INFO 7196 --- [restartedMain] org.hibernate.orm.connections.pooling    : HHH10001005: Database info:
	Database JDBC URL [Connecting through datasource 'HikariDataSource (HikariPool-1)']
	Database driver: undefined/unknown
	Database version: 16.0
	Autocommit mode: undefined/unknown
	Isolation level: undefined/unknown
	Minimum pool size: undefined/unknown
	Maximum pool size: undefined/unknown
2025-11-18T12:15:49.732+05:30  INFO 7196 --- [restartedMain] o.h.e.t.j.p.i.JtaPlatformInitiator       : HHH000489: No JTA platform available (set 'hibernate.transaction.jta.platform' to enable JTA platform integration)
2025-11-18T12:15:49.741+05:30  INFO 7196 --- [restartedMain] j.LocalContainerEntityManagerFactoryBean : Initialized JPA EntityManagerFactory for persistence unit 'default'
2025-11-18T12:15:50.031+05:30  WARN 7196 --- [restartedMain] JpaBaseConfiguration$JpaWebConfiguration : spring.jpa.open-in-view is enabled by default. Therefore, database queries may be performed during view rendering. Explicitly configure spring.jpa.open-in-view to disable this warning
2025-11-18T12:15:50.820+05:30  INFO 7196 --- [restartedMain] o.s.b.d.a.OptionalLiveReloadServer       : LiveReload server is running on port 35729
2025-11-18T12:15:50.885+05:30  INFO 7196 --- [restartedMain] o.s.b.w.embedded.tomcat.TomcatWebServer  : Tomcat started on port 8080 (http) with context path '/agaram-project-backend'
2025-11-18T12:15:50.902+05:30  INFO 7196 --- [restartedMain] c.e.d.AgaramProjectBackendApplication    : Started AgaramProjectBackendApplication in 10.032 seconds (process running for 12.131)
2025-11-18T12:16:04.605+05:30  INFO 7196 --- [RMI TCP Connection(2)-127.0.0.1] inMXBeanRegistrar$SpringApplicationAdmin : Application shutdown requested.
2025-11-18T12:16:04.611+05:30  INFO 7196 --- [RMI TCP Connection(2)-127.0.0.1] o.s.b.w.e.tomcat.GracefulShutdown        : Commencing graceful shutdown. Waiting for active requests to complete
2025-11-18T12:16:04.619+05:30  INFO 7196 --- [tomcat-shutdown] o.s.b.w.e.tomcat.GracefulShutdown        : Graceful shutdown complete
2025-11-18T12:16:04.627+05:30  INFO 7196 --- [RMI TCP Connection(2)-127.0.0.1] j.LocalContainerEntityManagerFactoryBean : Closing JPA EntityManagerFactory for persistence unit 'default'
2025-11-18T12:16:04.632+05:30  INFO 7196 --- [RMI TCP Connection(2)-127.0.0.1] com.zaxxer.hikari.HikariDataSource       : HikariPool-1 - Shutdown initiated...
2025-11-18T12:16:04.637+05:30  INFO 7196 --- [RMI TCP Connection(2)-127.0.0.1] com.zaxxer.hikari.HikariDataSource       : HikariPool-1 - Shutdown completed.
